#
# There is insufficient memory for the Java Runtime Environment to continue.
# Native memory allocation (malloc) failed to allocate 627352 bytes. Error detail: Chunk::new
# Possible reasons:
#   The system is out of physical RAM or swap space
#   This process is running with CompressedOops enabled, and the Java Heap may be blocking the growth of the native heap
# Possible solutions:
#   Reduce memory load on the system
#   Increase physical memory or swap space
#   Check if swap backing store is full
#   Decrease Java heap size (-Xmx/-Xms)
#   Decrease number of Java threads
#   Decrease Java thread stack sizes (-Xss)
#   Set larger code cache with -XX:ReservedCodeCacheSize=
#   JVM is running with Unscaled Compressed Oops mode in which the Java heap is
#     placed in the first 4GB address space. The Java Heap base address is the
#     maximum limit for the native heap growth. Please use -XX:HeapBaseMinAddress
#     to set the Java Heap base and to place the Java Heap above 4GB virtual address.
# This output file may be truncated or incomplete.
#
#  Out of Memory Error (arena.cpp:186), pid=12648, tid=14848
#
# JRE version: OpenJDK Runtime Environment JBR-25.0.4+1-508.27-nomod (25.0.4+1) (build 25.0.4+1-b508.27)
# Java VM: OpenJDK 64-Bit Server VM JBR-25.0.4+1-508.27-nomod (25.0.4+1-b508.27, mixed mode, sharing, tiered, compressed oops, compressed class ptrs, g1 gc, windows-amd64)
# No core dump will be written. Minidumps are not enabled by default on client versions of Windows
#

---------------  S U M M A R Y ------------

Command Line: git4idea.http.GitAskPassApp Username for 'https://github.com': 

Host: Intel(R) Core(TM) i5-8265U CPU @ 1.60GHz, 8 cores, 7G,  Windows 11 , 64 bit Build 26100 (10.0.26100.9444)
Time: Fri Sep 11 19:00:21 2026 India Standard Time elapsed time: 0.522139 seconds (0d 0h 0m 0s)

---------------  T H R E A D  ---------------

Current thread (0x000001fe20e17810):  JavaThread "C2 CompilerThread0" daemon [_thread_in_native, id=14848, stack(0x00000079f0300000,0x00000079f0400000) (1024K)]


Current CompileTask:
C2:522  147       4       java.math.BigInteger::destructiveMulAdd (150 bytes)

Stack: [0x00000079f0300000,0x00000079f0400000]
Native frames: (J=compiled Java code, j=interpreted, Vv=VM code, C=native code)
V  [jvm.dll+0x7c3f79]  (no source info available)
V  [jvm.dll+0x78d34d]  (no source info available)
V  [jvm.dll+0xa14d4c]  (no source info available)
V  [jvm.dll+0xa1754c]  (no source info available)
V  [jvm.dll+0xa17c43]  (no source info available)
V  [jvm.dll+0x308ae6]  (no source info available)
V  [jvm.dll+0x114f66]  (no source info available)
V  [jvm.dll+0x115296]  (no source info available)
V  [jvm.dll+0x1a9a24]  (no source info available)
V  [jvm.dll+0x3c27f2]  (no source info available)
V  [jvm.dll+0x7c98e8]  (no source info available)
V  [jvm.dll+0x2ca8b7]  (no source info available)
V  [jvm.dll+0x2c982e]  (no source info available)
V  [jvm.dll+0x240e70]  (no source info available)
V  [jvm.dll+0x2d98b4]  (no source info available)
V  [jvm.dll+0x2d7adb]  (no source info available)
V  [jvm.dll+0x49f685]  (no source info available)
V  [jvm.dll+0x9b47fd]  (no source info available)
V  [jvm.dll+0x7c2465]  (no source info available)
C  [ucrtbase.dll+0x2cd30]  (no source info available)
C  [KERNEL32.DLL+0x2cd87]  (no source info available)
C  [ntdll.dll+0xacaec]  (no source info available)

Lock stack of current Java thread (top to bottom):


---------------  P R O C E S S  ---------------

Threads class SMR info:
_java_thread_list=0x000001fe212319a0, length=11, elements={
0x000001fe06b79030, 0x000001fe20dfbd10, 0x000001fe20dff150, 0x000001fe20dffbb0,
0x000001fe20e03e10, 0x000001fe20e04700, 0x000001fe20e06880, 0x000001fe20e07040,
0x000001fe20e17810, 0x000001fe20e18d50, 0x000001fe2123a2b0
}

Java Threads: ( => current thread )
  0x000001fe06b79030 JavaThread "main"                              [_thread_in_vm, id=5600, stack(0x00000079ef400000,0x00000079ef500000) (1024K)]
  0x000001fe20dfbd10 JavaThread "Common-Cleaner"             daemon [_thread_blocked, id=22336, stack(0x00000079efc00000,0x00000079efd00000) (1024K)]
  0x000001fe20dff150 JavaThread "Reference Handler"          daemon [_thread_blocked, id=3608, stack(0x00000079efd00000,0x00000079efe00000) (1024K)]
  0x000001fe20dffbb0 JavaThread "Finalizer"                  daemon [_thread_blocked, id=18420, stack(0x00000079efe00000,0x00000079eff00000) (1024K)]
  0x000001fe20e03e10 JavaThread "Signal Dispatcher"          daemon [_thread_blocked, id=22500, stack(0x00000079eff00000,0x00000079f0000000) (1024K)]
  0x000001fe20e04700 JavaThread "Attach Listener"            daemon [_thread_blocked, id=14552, stack(0x00000079f0000000,0x00000079f0100000) (1024K)]
  0x000001fe20e06880 JavaThread "Service Thread"             daemon [_thread_blocked, id=2692, stack(0x00000079f0100000,0x00000079f0200000) (1024K)]
  0x000001fe20e07040 JavaThread "Monitor Deflation Thread"   daemon [_thread_blocked, id=14948, stack(0x00000079f0200000,0x00000079f0300000) (1024K)]
=>0x000001fe20e17810 JavaThread "C2 CompilerThread0"         daemon [_thread_in_native, id=14848, stack(0x00000079f0300000,0x00000079f0400000) (1024K)]
  0x000001fe20e18d50 JavaThread "C1 CompilerThread0"         daemon [_thread_in_vm, id=2076, stack(0x00000079f0400000,0x00000079f0500000) (1024K)]
  0x000001fe2123a2b0 JavaThread "Notification Thread"        daemon [_thread_blocked, id=22272, stack(0x00000079f0500000,0x00000079f0600000) (1024K)]
Total: 11

Other Threads:
  0x000001fe20dedb60 VMThread "VM Thread"                           [id=16864, stack(0x00000079efb00000,0x00000079efc00000) (1024K)]
  0x000001fe20dd9380 WatcherThread "VM Periodic Task Thread"        [id=2228, stack(0x00000079efa00000,0x00000079efb00000) (1024K)]
  0x000001fe0906bb30 WorkerThread "GC Thread#0"                     [id=19440, stack(0x00000079ef500000,0x00000079ef600000) (1024K)]
  0x000001fe09084580 ConcurrentGCThread "G1 Main Marker"            [id=8568, stack(0x00000079ef600000,0x00000079ef700000) (1024K)]
  0x000001fe09086f20 WorkerThread "G1 Conc#0"                       [id=15760, stack(0x00000079ef700000,0x00000079ef800000) (1024K)]
  0x000001fe090be510 ConcurrentGCThread "G1 Refine#0"               [id=15676, stack(0x00000079ef800000,0x00000079ef900000) (1024K)]
  0x000001fe090beb20 ConcurrentGCThread "G1 Service"                [id=10108, stack(0x00000079ef900000,0x00000079efa00000) (1024K)]
Total: 7

Threads with active compile tasks:
C2 CompilerThread0  614  147       4       java.math.BigInteger::destructiveMulAdd (150 bytes)
C1 CompilerThread0  614  288       3       java.util.HashMap::keySet (25 bytes)
Total: 2

VM state: not at safepoint (normal execution)

VM Mutex/Monitor currently owned by a thread:  ([mutex/lock_event])
[0x00007ffef5ed8b60] Metaspace_lock - owner thread: 0x000001fe20e18d50

Heap address: 0x0000000082600000, size: 2010 MB, Compressed Oops mode: 32-bit

CDS archive(s) mapped at: [0x000000001e000000-0x000000001fcc0000-0x000000001fcc0000), size 30146560, SharedBaseAddress: 0x000000001e000000, ArchiveRelocationMode: 1.
Compressed class space mapped at: 0x0000000020000000-0x0000000060000000, reserved size: 1073741824
UseCompressedClassPointers 1, UseCompactObjectHeaders 0
Narrow klass pointer bits 32, Max shift 3
Narrow klass base: 0x000000001e000000, Narrow klass shift: 0
Encoding Range: [0x000000001e000000 - 0x000000011e000000), (4294967296 bytes)
Klass Range:    [0x000000001e010000 - 0x0000000060000000), (1107230720 bytes)
Klass ID Range:  [65536 - 1107296249) (1107230713)
Protection zone: [0x000000001e000000 - 0x000000001e010000), (65536 bytes)

GC Precious Log:
 CardTable entry size: 512
 Card Set container configuration: InlinePtr #cards 5 size 8 Array Of Cards #cards 10 size 36 Howl #buckets 4 coarsen threshold 1843 Howl Bitmap #cards 512 size 80 coarsen threshold 460 Card regions per heap region 1 cards per card region 2048
 CPUs: 8 total, 8 available
 Memory: 8039M
 Large Page Support: Disabled
 NUMA Support: Disabled
 Compressed Oops: Enabled (32-bit)
 Heap Region Size: 1M
 Heap Min Capacity: 8M
 Heap Initial Capacity: 126M
 Heap Max Capacity: 2010M
 Pre-touch: Disabled
 Parallel Workers: 8
 Concurrent Workers: 2
 Concurrent Refinement Workers: 8
 Periodic GC: Disabled

Heap:
 garbage-first heap   total reserved 2058240K, committed 132096K, used 5372K [0x0000000082600000, 0x0000000100000000)
  region size 1024K, 4 young (4096K), 0 survivors (0K)

Heap Regions: E=young(eden), S=young(survivor), O=old, HS=humongous(starts), HC=humongous(continues), CS=collection set, F=free, TAMS=top-at-mark-start, PB=parsable bottom
|   0|0x0000000082600000, 0x0000000082600000, 0x0000000082700000|  0%| F|  |TAMS 0x0000000082600000| PB 0x0000000082600000| Untracked |  0
|   1|0x0000000082700000, 0x0000000082700000, 0x0000000082800000|  0%| F|  |TAMS 0x0000000082700000| PB 0x0000000082700000| Untracked |  0
|   2|0x0000000082800000, 0x0000000082800000, 0x0000000082900000|  0%| F|  |TAMS 0x0000000082800000| PB 0x0000000082800000| Untracked |  0
|   3|0x0000000082900000, 0x0000000082900000, 0x0000000082a00000|  0%| F|  |TAMS 0x0000000082900000| PB 0x0000000082900000| Untracked |  0
|   4|0x0000000082a00000, 0x0000000082a00000, 0x0000000082b00000|  0%| F|  |TAMS 0x0000000082a00000| PB 0x0000000082a00000| Untracked |  0
|   5|0x0000000082b00000, 0x0000000082b00000, 0x0000000082c00000|  0%| F|  |TAMS 0x0000000082b00000| PB 0x0000000082b00000| Untracked |  0
|   6|0x0000000082c00000, 0x0000000082c00000, 0x0000000082d00000|  0%| F|  |TAMS 0x0000000082c00000| PB 0x0000000082c00000| Untracked |  0
|   7|0x0000000082d00000, 0x0000000082d00000, 0x0000000082e00000|  0%| F|  |TAMS 0x0000000082d00000| PB 0x0000000082d00000| Untracked |  0
|   8|0x0000000082e00000, 0x0000000082e00000, 0x0000000082f00000|  0%| F|  |TAMS 0x0000000082e00000| PB 0x0000000082e00000| Untracked |  0
|   9|0x0000000082f00000, 0x0000000082f00000, 0x0000000083000000|  0%| F|  |TAMS 0x0000000082f00000| PB 0x0000000082f00000| Untracked |  0
|  10|0x0000000083000000, 0x0000000083000000, 0x0000000083100000|  0%| F|  |TAMS 0x0000000083000000| PB 0x0000000083000000| Untracked |  0
|  11|0x0000000083100000, 0x0000000083100000, 0x0000000083200000|  0%| F|  |TAMS 0x0000000083100000| PB 0x0000000083100000| Untracked |  0
|  12|0x0000000083200000, 0x0000000083200000, 0x0000000083300000|  0%| F|  |TAMS 0x0000000083200000| PB 0x0000000083200000| Untracked |  0
|  13|0x0000000083300000, 0x0000000083300000, 0x0000000083400000|  0%| F|  |TAMS 0x0000000083300000| PB 0x0000000083300000| Untracked |  0
|  14|0x0000000083400000, 0x0000000083400000, 0x0000000083500000|  0%| F|  |TAMS 0x0000000083400000| PB 0x0000000083400000| Untracked |  0
|  15|0x0000000083500000, 0x0000000083500000, 0x0000000083600000|  0%| F|  |TAMS 0x0000000083500000| PB 0x0000000083500000| Untracked |  0
|  16|0x0000000083600000, 0x0000000083600000, 0x0000000083700000|  0%| F|  |TAMS 0x0000000083600000| PB 0x0000000083600000| Untracked |  0
|  17|0x0000000083700000, 0x0000000083700000, 0x0000000083800000|  0%| F|  |TAMS 0x0000000083700000| PB 0x0000000083700000| Untracked |  0
|  18|0x0000000083800000, 0x0000000083800000, 0x0000000083900000|  0%| F|  |TAMS 0x0000000083800000| PB 0x0000000083800000| Untracked |  0
|  19|0x0000000083900000, 0x0000000083900000, 0x0000000083a00000|  0%| F|  |TAMS 0x0000000083900000| PB 0x0000000083900000| Untracked |  0
|  20|0x0000000083a00000, 0x0000000083a00000, 0x0000000083b00000|  0%| F|  |TAMS 0x0000000083a00000| PB 0x0000000083a00000| Untracked |  0
|  21|0x0000000083b00000, 0x0000000083b00000, 0x0000000083c00000|  0%| F|  |TAMS 0x0000000083b00000| PB 0x0000000083b00000| Untracked |  0
|  22|0x0000000083c00000, 0x0000000083c00000, 0x0000000083d00000|  0%| F|  |TAMS 0x0000000083c00000| PB 0x0000000083c00000| Untracked |  0
|  23|0x0000000083d00000, 0x0000000083d00000, 0x0000000083e00000|  0%| F|  |TAMS 0x0000000083d00000| PB 0x0000000083d00000| Untracked |  0
|  24|0x0000000083e00000, 0x0000000083e00000, 0x0000000083f00000|  0%| F|  |TAMS 0x0000000083e00000| PB 0x0000000083e00000| Untracked |  0
|  25|0x0000000083f00000, 0x0000000083f00000, 0x0000000084000000|  0%| F|  |TAMS 0x0000000083f00000| PB 0x0000000083f00000| Untracked |  0
|  26|0x0000000084000000, 0x0000000084000000, 0x0000000084100000|  0%| F|  |TAMS 0x0000000084000000| PB 0x0000000084000000| Untracked |  0
|  27|0x0000000084100000, 0x0000000084100000, 0x0000000084200000|  0%| F|  |TAMS 0x0000000084100000| PB 0x0000000084100000| Untracked |  0
|  28|0x0000000084200000, 0x0000000084200000, 0x0000000084300000|  0%| F|  |TAMS 0x0000000084200000| PB 0x0000000084200000| Untracked |  0
|  29|0x0000000084300000, 0x0000000084300000, 0x0000000084400000|  0%| F|  |TAMS 0x0000000084300000| PB 0x0000000084300000| Untracked |  0
|  30|0x0000000084400000, 0x0000000084400000, 0x0000000084500000|  0%| F|  |TAMS 0x0000000084400000| PB 0x0000000084400000| Untracked |  0
|  31|0x0000000084500000, 0x0000000084500000, 0x0000000084600000|  0%| F|  |TAMS 0x0000000084500000| PB 0x0000000084500000| Untracked |  0
|  32|0x0000000084600000, 0x0000000084600000, 0x0000000084700000|  0%| F|  |TAMS 0x0000000084600000| PB 0x0000000084600000| Untracked |  0
|  33|0x0000000084700000, 0x0000000084700000, 0x0000000084800000|  0%| F|  |TAMS 0x0000000084700000| PB 0x0000000084700000| Untracked |  0
|  34|0x0000000084800000, 0x0000000084800000, 0x0000000084900000|  0%| F|  |TAMS 0x0000000084800000| PB 0x0000000084800000| Untracked |  0
|  35|0x0000000084900000, 0x0000000084900000, 0x0000000084a00000|  0%| F|  |TAMS 0x0000000084900000| PB 0x0000000084900000| Untracked |  0
|  36|0x0000000084a00000, 0x0000000084a00000, 0x0000000084b00000|  0%| F|  |TAMS 0x0000000084a00000| PB 0x0000000084a00000| Untracked |  0
|  37|0x0000000084b00000, 0x0000000084b00000, 0x0000000084c00000|  0%| F|  |TAMS 0x0000000084b00000| PB 0x0000000084b00000| Untracked |  0
|  38|0x0000000084c00000, 0x0000000084c00000, 0x0000000084d00000|  0%| F|  |TAMS 0x0000000084c00000| PB 0x0000000084c00000| Untracked |  0
|  39|0x0000000084d00000, 0x0000000084d00000, 0x0000000084e00000|  0%| F|  |TAMS 0x0000000084d00000| PB 0x0000000084d00000| Untracked |  0
|  40|0x0000000084e00000, 0x0000000084e00000, 0x0000000084f00000|  0%| F|  |TAMS 0x0000000084e00000| PB 0x0000000084e00000| Untracked |  0
|  41|0x0000000084f00000, 0x0000000084f00000, 0x0000000085000000|  0%| F|  |TAMS 0x0000000084f00000| PB 0x0000000084f00000| Untracked |  0
|  42|0x0000000085000000, 0x0000000085000000, 0x0000000085100000|  0%| F|  |TAMS 0x0000000085000000| PB 0x0000000085000000| Untracked |  0
|  43|0x0000000085100000, 0x0000000085100000, 0x0000000085200000|  0%| F|  |TAMS 0x0000000085100000| PB 0x0000000085100000| Untracked |  0
|  44|0x0000000085200000, 0x0000000085200000, 0x0000000085300000|  0%| F|  |TAMS 0x0000000085200000| PB 0x0000000085200000| Untracked |  0
|  45|0x0000000085300000, 0x0000000085300000, 0x0000000085400000|  0%| F|  |TAMS 0x0000000085300000| PB 0x0000000085300000| Untracked |  0
|  46|0x0000000085400000, 0x0000000085400000, 0x0000000085500000|  0%| F|  |TAMS 0x0000000085400000| PB 0x0000000085400000| Untracked |  0
|  47|0x0000000085500000, 0x0000000085500000, 0x0000000085600000|  0%| F|  |TAMS 0x0000000085500000| PB 0x0000000085500000| Untracked |  0
|  48|0x0000000085600000, 0x0000000085600000, 0x0000000085700000|  0%| F|  |TAMS 0x0000000085600000| PB 0x0000000085600000| Untracked |  0
|  49|0x0000000085700000, 0x0000000085700000, 0x0000000085800000|  0%| F|  |TAMS 0x0000000085700000| PB 0x0000000085700000| Untracked |  0
|  50|0x0000000085800000, 0x0000000085800000, 0x0000000085900000|  0%| F|  |TAMS 0x0000000085800000| PB 0x0000000085800000| Untracked |  0
|  51|0x0000000085900000, 0x0000000085900000, 0x0000000085a00000|  0%| F|  |TAMS 0x0000000085900000| PB 0x0000000085900000| Untracked |  0
|  52|0x0000000085a00000, 0x0000000085a00000, 0x0000000085b00000|  0%| F|  |TAMS 0x0000000085a00000| PB 0x0000000085a00000| Untracked |  0
|  53|0x0000000085b00000, 0x0000000085b00000, 0x0000000085c00000|  0%| F|  |TAMS 0x0000000085b00000| PB 0x0000000085b00000| Untracked |  0
|  54|0x0000000085c00000, 0x0000000085c00000, 0x0000000085d00000|  0%| F|  |TAMS 0x0000000085c00000| PB 0x0000000085c00000| Untracked |  0
|  55|0x0000000085d00000, 0x0000000085d00000, 0x0000000085e00000|  0%| F|  |TAMS 0x0000000085d00000| PB 0x0000000085d00000| Untracked |  0
|  56|0x0000000085e00000, 0x0000000085e00000, 0x0000000085f00000|  0%| F|  |TAMS 0x0000000085e00000| PB 0x0000000085e00000| Untracked |  0
|  57|0x0000000085f00000, 0x0000000085f00000, 0x0000000086000000|  0%| F|  |TAMS 0x0000000085f00000| PB 0x0000000085f00000| Untracked |  0
|  58|0x0000000086000000, 0x0000000086000000, 0x0000000086100000|  0%| F|  |TAMS 0x0000000086000000| PB 0x0000000086000000| Untracked |  0
|  59|0x0000000086100000, 0x0000000086100000, 0x0000000086200000|  0%| F|  |TAMS 0x0000000086100000| PB 0x0000000086100000| Untracked |  0
|  60|0x0000000086200000, 0x0000000086200000, 0x0000000086300000|  0%| F|  |TAMS 0x0000000086200000| PB 0x0000000086200000| Untracked |  0
|  61|0x0000000086300000, 0x0000000086300000, 0x0000000086400000|  0%| F|  |TAMS 0x0000000086300000| PB 0x0000000086300000| Untracked |  0
|  62|0x0000000086400000, 0x0000000086400000, 0x0000000086500000|  0%| F|  |TAMS 0x0000000086400000| PB 0x0000000086400000| Untracked |  0
|  63|0x0000000086500000, 0x0000000086500000, 0x0000000086600000|  0%| F|  |TAMS 0x0000000086500000| PB 0x0000000086500000| Untracked |  0
|  64|0x0000000086600000, 0x0000000086600000, 0x0000000086700000|  0%| F|  |TAMS 0x0000000086600000| PB 0x0000000086600000| Untracked |  0
|  65|0x0000000086700000, 0x0000000086700000, 0x0000000086800000|  0%| F|  |TAMS 0x0000000086700000| PB 0x0000000086700000| Untracked |  0
|  66|0x0000000086800000, 0x0000000086800000, 0x0000000086900000|  0%| F|  |TAMS 0x0000000086800000| PB 0x0000000086800000| Untracked |  0
|  67|0x0000000086900000, 0x0000000086900000, 0x0000000086a00000|  0%| F|  |TAMS 0x0000000086900000| PB 0x0000000086900000| Untracked |  0
|  68|0x0000000086a00000, 0x0000000086a00000, 0x0000000086b00000|  0%| F|  |TAMS 0x0000000086a00000| PB 0x0000000086a00000| Untracked |  0
|  69|0x0000000086b00000, 0x0000000086b00000, 0x0000000086c00000|  0%| F|  |TAMS 0x0000000086b00000| PB 0x0000000086b00000| Untracked |  0
|  70|0x0000000086c00000, 0x0000000086c00000, 0x0000000086d00000|  0%| F|  |TAMS 0x0000000086c00000| PB 0x0000000086c00000| Untracked |  0
|  71|0x0000000086d00000, 0x0000000086d00000, 0x0000000086e00000|  0%| F|  |TAMS 0x0000000086d00000| PB 0x0000000086d00000| Untracked |  0
|  72|0x0000000086e00000, 0x0000000086e00000, 0x0000000086f00000|  0%| F|  |TAMS 0x0000000086e00000| PB 0x0000000086e00000| Untracked |  0
|  73|0x0000000086f00000, 0x0000000086f00000, 0x0000000087000000|  0%| F|  |TAMS 0x0000000086f00000| PB 0x0000000086f00000| Untracked |  0
|  74|0x0000000087000000, 0x0000000087000000, 0x0000000087100000|  0%| F|  |TAMS 0x0000000087000000| PB 0x0000000087000000| Untracked |  0
|  75|0x0000000087100000, 0x0000000087100000, 0x0000000087200000|  0%| F|  |TAMS 0x0000000087100000| PB 0x0000000087100000| Untracked |  0
|  76|0x0000000087200000, 0x0000000087200000, 0x0000000087300000|  0%| F|  |TAMS 0x0000000087200000| PB 0x0000000087200000| Untracked |  0
|  77|0x0000000087300000, 0x0000000087300000, 0x0000000087400000|  0%| F|  |TAMS 0x0000000087300000| PB 0x0000000087300000| Untracked |  0
|  78|0x0000000087400000, 0x0000000087400000, 0x0000000087500000|  0%| F|  |TAMS 0x0000000087400000| PB 0x0000000087400000| Untracked |  0
|  79|0x0000000087500000, 0x0000000087500000, 0x0000000087600000|  0%| F|  |TAMS 0x0000000087500000| PB 0x0000000087500000| Untracked |  0
|  80|0x0000000087600000, 0x0000000087600000, 0x0000000087700000|  0%| F|  |TAMS 0x0000000087600000| PB 0x0000000087600000| Untracked |  0
|  81|0x0000000087700000, 0x0000000087700000, 0x0000000087800000|  0%| F|  |TAMS 0x0000000087700000| PB 0x0000000087700000| Untracked |  0
|  82|0x0000000087800000, 0x0000000087800000, 0x0000000087900000|  0%| F|  |TAMS 0x0000000087800000| PB 0x0000000087800000| Untracked |  0
|  83|0x0000000087900000, 0x0000000087900000, 0x0000000087a00000|  0%| F|  |TAMS 0x0000000087900000| PB 0x0000000087900000| Untracked |  0
|  84|0x0000000087a00000, 0x0000000087a00000, 0x0000000087b00000|  0%| F|  |TAMS 0x0000000087a00000| PB 0x0000000087a00000| Untracked |  0
|  85|0x0000000087b00000, 0x0000000087b00000, 0x0000000087c00000|  0%| F|  |TAMS 0x0000000087b00000| PB 0x0000000087b00000| Untracked |  0
|  86|0x0000000087c00000, 0x0000000087c00000, 0x0000000087d00000|  0%| F|  |TAMS 0x0000000087c00000| PB 0x0000000087c00000| Untracked |  0
|  87|0x0000000087d00000, 0x0000000087d00000, 0x0000000087e00000|  0%| F|  |TAMS 0x0000000087d00000| PB 0x0000000087d00000| Untracked |  0
|  88|0x0000000087e00000, 0x0000000087e00000, 0x0000000087f00000|  0%| F|  |TAMS 0x0000000087e00000| PB 0x0000000087e00000| Untracked |  0
|  89|0x0000000087f00000, 0x0000000087f00000, 0x0000000088000000|  0%| F|  |TAMS 0x0000000087f00000| PB 0x0000000087f00000| Untracked |  0
|  90|0x0000000088000000, 0x0000000088000000, 0x0000000088100000|  0%| F|  |TAMS 0x0000000088000000| PB 0x0000000088000000| Untracked |  0
|  91|0x0000000088100000, 0x0000000088100000, 0x0000000088200000|  0%| F|  |TAMS 0x0000000088100000| PB 0x0000000088100000| Untracked |  0
|  92|0x0000000088200000, 0x0000000088200000, 0x0000000088300000|  0%| F|  |TAMS 0x0000000088200000| PB 0x0000000088200000| Untracked |  0
|  93|0x0000000088300000, 0x0000000088300000, 0x0000000088400000|  0%| F|  |TAMS 0x0000000088300000| PB 0x0000000088300000| Untracked |  0
|  94|0x0000000088400000, 0x0000000088400000, 0x0000000088500000|  0%| F|  |TAMS 0x0000000088400000| PB 0x0000000088400000| Untracked |  0
|  95|0x0000000088500000, 0x0000000088500000, 0x0000000088600000|  0%| F|  |TAMS 0x0000000088500000| PB 0x0000000088500000| Untracked |  0
|  96|0x0000000088600000, 0x0000000088600000, 0x0000000088700000|  0%| F|  |TAMS 0x0000000088600000| PB 0x0000000088600000| Untracked |  0
|  97|0x0000000088700000, 0x0000000088700000, 0x0000000088800000|  0%| F|  |TAMS 0x0000000088700000| PB 0x0000000088700000| Untracked |  0
|  98|0x0000000088800000, 0x0000000088800000, 0x0000000088900000|  0%| F|  |TAMS 0x0000000088800000| PB 0x0000000088800000| Untracked |  0
|  99|0x0000000088900000, 0x0000000088900000, 0x0000000088a00000|  0%| F|  |TAMS 0x0000000088900000| PB 0x0000000088900000| Untracked |  0
| 100|0x0000000088a00000, 0x0000000088a00000, 0x0000000088b00000|  0%| F|  |TAMS 0x0000000088a00000| PB 0x0000000088a00000| Untracked |  0
| 101|0x0000000088b00000, 0x0000000088b00000, 0x0000000088c00000|  0%| F|  |TAMS 0x0000000088b00000| PB 0x0000000088b00000| Untracked |  0
| 102|0x0000000088c00000, 0x0000000088c00000, 0x0000000088d00000|  0%| F|  |TAMS 0x0000000088c00000| PB 0x0000000088c00000| Untracked |  0
| 103|0x0000000088d00000, 0x0000000088d00000, 0x0000000088e00000|  0%| F|  |TAMS 0x0000000088d00000| PB 0x0000000088d00000| Untracked |  0
| 104|0x0000000088e00000, 0x0000000088e00000, 0x0000000088f00000|  0%| F|  |TAMS 0x0000000088e00000| PB 0x0000000088e00000| Untracked |  0
| 105|0x0000000088f00000, 0x0000000088f00000, 0x0000000089000000|  0%| F|  |TAMS 0x0000000088f00000| PB 0x0000000088f00000| Untracked |  0
| 106|0x0000000089000000, 0x0000000089000000, 0x0000000089100000|  0%| F|  |TAMS 0x0000000089000000| PB 0x0000000089000000| Untracked |  0
| 107|0x0000000089100000, 0x0000000089100000, 0x0000000089200000|  0%| F|  |TAMS 0x0000000089100000| PB 0x0000000089100000| Untracked |  0
| 108|0x0000000089200000, 0x0000000089200000, 0x0000000089300000|  0%| F|  |TAMS 0x0000000089200000| PB 0x0000000089200000| Untracked |  0
| 109|0x0000000089300000, 0x0000000089300000, 0x0000000089400000|  0%| F|  |TAMS 0x0000000089300000| PB 0x0000000089300000| Untracked |  0
| 110|0x0000000089400000, 0x0000000089400000, 0x0000000089500000|  0%| F|  |TAMS 0x0000000089400000| PB 0x0000000089400000| Untracked |  0
| 111|0x0000000089500000, 0x0000000089500000, 0x0000000089600000|  0%| F|  |TAMS 0x0000000089500000| PB 0x0000000089500000| Untracked |  0
| 112|0x0000000089600000, 0x0000000089600000, 0x0000000089700000|  0%| F|  |TAMS 0x0000000089600000| PB 0x0000000089600000| Untracked |  0
| 113|0x0000000089700000, 0x0000000089700000, 0x0000000089800000|  0%| F|  |TAMS 0x0000000089700000| PB 0x0000000089700000| Untracked |  0
| 114|0x0000000089800000, 0x0000000089800000, 0x0000000089900000|  0%| F|  |TAMS 0x0000000089800000| PB 0x0000000089800000| Untracked |  0
| 115|0x0000000089900000, 0x0000000089900000, 0x0000000089a00000|  0%| F|  |TAMS 0x0000000089900000| PB 0x0000000089900000| Untracked |  0
| 116|0x0000000089a00000, 0x0000000089a00000, 0x0000000089b00000|  0%| F|  |TAMS 0x0000000089a00000| PB 0x0000000089a00000| Untracked |  0
| 117|0x0000000089b00000, 0x0000000089b00000, 0x0000000089c00000|  0%| F|  |TAMS 0x0000000089b00000| PB 0x0000000089b00000| Untracked |  0
| 118|0x0000000089c00000, 0x0000000089c00000, 0x0000000089d00000|  0%| F|  |TAMS 0x0000000089c00000| PB 0x0000000089c00000| Untracked |  0
| 119|0x0000000089d00000, 0x0000000089d00000, 0x0000000089e00000|  0%| F|  |TAMS 0x0000000089d00000| PB 0x0000000089d00000| Untracked |  0
| 120|0x0000000089e00000, 0x0000000089e00000, 0x0000000089f00000|  0%| F|  |TAMS 0x0000000089e00000| PB 0x0000000089e00000| Untracked |  0
| 121|0x0000000089f00000, 0x0000000089f00000, 0x000000008a000000|  0%| F|  |TAMS 0x0000000089f00000| PB 0x0000000089f00000| Untracked |  0
| 122|0x000000008a000000, 0x000000008a080000, 0x000000008a100000| 50%| E|  |TAMS 0x000000008a000000| PB 0x000000008a000000| Complete |  0
| 123|0x000000008a100000, 0x000000008a200000, 0x000000008a200000|100%| E|CS|TAMS 0x000000008a100000| PB 0x000000008a100000| Complete |  0
| 124|0x000000008a200000, 0x000000008a300000, 0x000000008a300000|100%| E|CS|TAMS 0x000000008a200000| PB 0x000000008a200000| Complete |  0
| 125|0x000000008a300000, 0x000000008a400000, 0x000000008a400000|100%| E|CS|TAMS 0x000000008a300000| PB 0x000000008a300000| Complete |  0
|2007|0x00000000ffd00000, 0x00000000ffe00000, 0x00000000ffe00000|100%| O|  |TAMS 0x00000000ffd00000| PB 0x00000000ffd00000| Untracked |  0
|2008|0x00000000ffe00000, 0x00000000fff00000, 0x00000000fff00000|100%| O|  |TAMS 0x00000000ffe00000| PB 0x00000000ffe00000| Untracked |  0
|2009|0x00000000fff00000, 0x00000000fff3f160, 0x0000000100000000| 24%| O|  |TAMS 0x00000000fff00000| PB 0x00000000fff00000| Untracked |  0

Card table byte_map: [0x000001fe1c2b0000,0x000001fe1c6a0000] _byte_map_base: 0x000001fe1be9d000

Marking Bits: (CMBitMap*) 0x000001fe0906c2c0
 Bits: [0x000001fe1c6a0000, 0x000001fe1e608000)

Polling page: 0x000001fe07040000

Metaspace:
Metaspace        used 510K, committed 640K, reserved 1114112K
 class space     used 40K, committed 128K, reserved 1048576K

Usage:
  Non-class:    469.57 KB used.
      Class:     40.45 KB used.
       Both:    510.02 KB used.

Virtual space:
  Non-class space:       64.00 MB reserved,     512.00 KB ( <1%) committed,  1 nodes.
      Class space:        1.00 GB reserved,     128.00 KB ( <1%) committed,  1 nodes.
             Both:        1.06 GB reserved,     640.00 KB ( <1%) committed. 

Chunk freelists:
   Non-Class:  11.97 MB
       Class:  15.74 MB
        Both:  27.72 MB

MaxMetaspaceSize: unlimited
CompressedClassSpaceSize: 1.00 GB
Initial GC threshold: 21.00 MB
Current GC threshold: 21.00 MB
CDS: on
 - commit_granule_bytes: 65536.
 - commit_granule_words: 8192.
 - virtual_space_node_default_size: 8388608.
 - enlarge_chunks_in_place: 1.
UseCompressedClassPointers 1, UseCompactObjectHeaders 0
Narrow klass pointer bits 32, Max shift 3
Narrow klass base: 0x000000001e000000, Narrow klass shift: 0
Encoding Range: [0x000000001e000000 - 0x000000011e000000), (4294967296 bytes)
Klass Range:    [0x000000001e010000 - 0x0000000060000000), (1107230720 bytes)
Klass ID Range:  [65536 - 1107296249) (1107230713)
Protection zone: [0x000000001e000000 - 0x000000001e010000), (65536 bytes)


Internal statistics:

num_allocs_failed_limit: 0.
num_arena_births: 6.
num_arena_deaths: 0.
num_vsnodes_births: 2.
num_vsnodes_deaths: 0.
num_space_committed: 10.
num_space_uncommitted: 0.
num_chunks_returned_to_freelist: 0.
num_chunks_taken_from_freelist: 9.
num_chunk_merges: 0.
num_chunk_splits: 9.
num_chunks_enlarged: 5.
num_inconsistent_stats: 0.

CodeHeap 'non-profiled nmethods': size=120064Kb used=63Kb max_used=63Kb free=120000Kb
 bounds [0x000001fe14650000, 0x000001fe148c0000, 0x000001fe1bb90000]
CodeHeap 'profiled nmethods': size=120064Kb used=296Kb max_used=296Kb free=119767Kb
 bounds [0x000001fe0cb70000, 0x000001fe0cde0000, 0x000001fe140b0000]
CodeHeap 'non-nmethods': size=5760Kb used=1327Kb max_used=1327Kb free=4432Kb
 bounds [0x000001fe140b0000, 0x000001fe14320000, 0x000001fe14650000]
CodeCache: size=245888Kb, used=1686Kb, max_used=1686Kb, free=244199Kb
 total_blobs=729, nmethods=279, adapters=353, full_count=0
Compilation: enabled, stopped_count=0, restarted_count=0

Compilation events (20 events):
Event: 0.510 Thread 0x000001fe20e18d50 nmethod 153 0x000001fe0cb99188 code [0x000001fe0cb99280, 0x000001fe0cb99d08]
Event: 0.510 Thread 0x000001fe20e18d50  155       3       java.lang.StringLatin1::toLowerCase (155 bytes)
Event: 0.511 Thread 0x000001fe20e18d50 nmethod 155 0x000001fe0cb99d88 code [0x000001fe0cb99e80, 0x000001fe0cb9aac0]
Event: 0.511 Thread 0x000001fe20e18d50  157       3       java.util.HashMap$HashIterator::nextNode (100 bytes)
Event: 0.512 Thread 0x000001fe20e18d50 nmethod 157 0x000001fe0cb9ab08 code [0x000001fe0cb9ac00, 0x000001fe0cb9b0d8]
Event: 0.512 Thread 0x000001fe20e18d50  156       3       java.security.Provider$ServiceKey::hashCode (19 bytes)
Event: 0.512 Thread 0x000001fe20e18d50 nmethod 156 0x000001fe0cb9b108 code [0x000001fe0cb9b200, 0x000001fe0cb9b488]
Event: 0.512 Thread 0x000001fe20e18d50  154       3       java.util.HashMap::get (19 bytes)
Event: 0.512 Thread 0x000001fe20e18d50 nmethod 154 0x000001fe0cb9b508 code [0x000001fe0cb9b600, 0x000001fe0cb9b828]
Event: 0.512 Thread 0x000001fe20e18d50  159       3       java.util.ArrayList$Itr::next (66 bytes)
Event: 0.513 Thread 0x000001fe20e18d50 nmethod 159 0x000001fe0cb9b888 code [0x000001fe0cb9b980, 0x000001fe0cb9bda8]
Event: 0.513 Thread 0x000001fe20e18d50  162       1       java.util.Collections$EmptyIterator::hasNext (2 bytes)
Event: 0.513 Thread 0x000001fe20e18d50 nmethod 162 0x000001fe1465a088 code [0x000001fe1465a180, 0x000001fe1465a248]
Event: 0.513 Thread 0x000001fe20e18d50  160       1       java.security.Provider$Service::getProvider (5 bytes)
Event: 0.513 Thread 0x000001fe20e18d50 nmethod 160 0x000001fe1465a388 code [0x000001fe1465a480, 0x000001fe1465a548]
Event: 0.513 Thread 0x000001fe20e18d50  161       1       java.security.Provider$Service::getClassName (5 bytes)
Event: 0.513 Thread 0x000001fe20e18d50 nmethod 161 0x000001fe1465a688 code [0x000001fe1465a780, 0x000001fe1465a848]
Event: 0.513 Thread 0x000001fe20e18d50  158       1       java.security.Provider$UString::toString (5 bytes)
Event: 0.513 Thread 0x000001fe20e18d50 nmethod 158 0x000001fe1465a988 code [0x000001fe1465aa80, 0x000001fe1465ab48]
Event: 0.515 Thread 0x000001fe20e18d50  164   !   3       java.lang.ref.ReferenceQueue::poll (44 bytes)

GC Heap Usage History (0 events):
No events

Metaspace Usage History (0 events):
No events

Dll operation events (4 events):
Event: 0.015 Attempting to load shared library C:\Users\hp\Downloads\IntelliJ IDEA 2026.2.2\jbr\bin\java.dll
Event: 0.019 Loaded shared library C:\Users\hp\Downloads\IntelliJ IDEA 2026.2.2\jbr\bin\java.dll
Event: 0.513 Attempting to load shared library C:\Users\hp\Downloads\IntelliJ IDEA 2026.2.2\jbr\bin\zip.dll
Event: 0.513 Loaded shared library C:\Users\hp\Downloads\IntelliJ IDEA 2026.2.2\jbr\bin\zip.dll

Deoptimization events (0 events):
No events

Classes loaded (6 events):
Event: 0.087 Loading class jdk/internal/vm/PostVMInitHook
Event: 0.087 Loading class jdk/internal/vm/PostVMInitHook done
Event: 0.512 Loading class jdk/internal/event/SecurityProviderServiceEvent
Event: 0.513 Loading class jdk/internal/event/Event
Event: 0.513 Loading class jdk/internal/event/Event done
Event: 0.513 Loading class jdk/internal/event/SecurityProviderServiceEvent done

Classes unloaded (0 events):
No events

Classes redefined (0 events):
No events

Internal exceptions (0 events):
No events

VM Operations (0 events):
No events

Memory protections (0 events):
No events

Nmethod flushes (0 events):
No events

Events (17 events):
Event: 0.058 Thread 0x000001fe06b79030 Thread added: 0x000001fe06b79030
Event: 0.063 Thread 0x000001fe06b79030 JVMTI - enter early start phase
Event: 0.076 Thread 0x000001fe06b79030 Thread added: 0x000001fe20dfbd10
Event: 0.078 Thread 0x000001fe06b79030 Thread added: 0x000001fe20dff150
Event: 0.078 Thread 0x000001fe06b79030 Thread added: 0x000001fe20dffbb0
Event: 0.079 Thread 0x000001fe06b79030 Thread added: 0x000001fe20e03e10
Event: 0.079 Thread 0x000001fe06b79030 Thread added: 0x000001fe20e04700
Event: 0.079 Thread 0x000001fe06b79030 Thread added: 0x000001fe20e06880
Event: 0.079 Thread 0x000001fe06b79030 Thread added: 0x000001fe20e07040
Event: 0.079 Thread 0x000001fe06b79030 Thread added: 0x000001fe20e17810
Event: 0.079 Thread 0x000001fe06b79030 Thread added: 0x000001fe20e18d50
Event: 0.086 Thread 0x000001fe06b79030 JVMTI - enter start phase
Event: 0.087 Thread 0x000001fe06b79030 JVMTI - enter live phase
Event: 0.087 Thread 0x000001fe06b79030 Thread added: 0x000001fe2123a2b0
Event: 0.093 Loaded shared library C:\Users\hp\Downloads\IntelliJ IDEA 2026.2.2\jbr\bin\net.dll
Event: 0.096 Loaded shared library C:\Users\hp\Downloads\IntelliJ IDEA 2026.2.2\jbr\bin\nio.dll
Event: 0.103 Loaded shared library C:\Users\hp\Downloads\IntelliJ IDEA 2026.2.2\jbr\bin\zip.dll


Dynamic libraries:
0x00007ff689dd0000 - 0x00007ff689dda000 	C:\Users\hp\Downloads\IntelliJ IDEA 2026.2.2\jbr\bin\java.exe
0x00007fffd1ce0000 - 0x00007fffd1f47000 	C:\WINDOWS\SYSTEM32\ntdll.dll
0x00007fffd08f0000 - 0x00007fffd09bb000 	C:\WINDOWS\System32\KERNEL32.DLL
0x00007fffcf5c0000 - 0x00007fffcf9c2000 	C:\WINDOWS\System32\KERNELBASE.dll
0x00007fffcb5d0000 - 0x00007fffcb66f000 	C:\WINDOWS\SYSTEM32\apphelp.dll
0x00007fffceee0000 - 0x00007fffcf02c000 	C:\WINDOWS\System32\ucrtbase.dll
0x00007fffc9560000 - 0x00007fffc957e000 	C:\Users\hp\Downloads\IntelliJ IDEA 2026.2.2\jbr\bin\VCRUNTIME140.dll
0x00007fff9e0e0000 - 0x00007fff9e0f7000 	C:\Users\hp\Downloads\IntelliJ IDEA 2026.2.2\jbr\bin\jli.dll
0x00007fffd0bf0000 - 0x00007fffd0dbf000 	C:\WINDOWS\System32\USER32.dll
0x00007fffcf9d0000 - 0x00007fffcf9f7000 	C:\WINDOWS\System32\win32u.dll
0x00007fffad850000 - 0x00007fffadae0000 	C:\WINDOWS\WinSxS\amd64_microsoft.windows.common-controls_6595b64144ccf1df_6.0.26100.9278_none_3e0d1ba8e3303201\COMCTL32.dll
0x00007fffd1450000 - 0x00007fffd14f9000 	C:\WINDOWS\System32\msvcrt.dll
0x00007fffd02f0000 - 0x00007fffd031b000 	C:\WINDOWS\System32\GDI32.dll
0x00007fffcf040000 - 0x00007fffcf169000 	C:\WINDOWS\System32\gdi32full.dll
0x00007fffcf2f0000 - 0x00007fffcf393000 	C:\WINDOWS\System32\msvcp_win.dll
0x00007fffd0b20000 - 0x00007fffd0b51000 	C:\WINDOWS\System32\IMM32.DLL
0x00007fffcb530000 - 0x00007fffcb53c000 	C:\Users\hp\Downloads\IntelliJ IDEA 2026.2.2\jbr\bin\vcruntime140_1.dll
0x00007fffaf760000 - 0x00007fffaf7e9000 	C:\Users\hp\Downloads\IntelliJ IDEA 2026.2.2\jbr\bin\msvcp140.dll
0x00007ffef5080000 - 0x00007ffef5fdb000 	C:\Users\hp\Downloads\IntelliJ IDEA 2026.2.2\jbr\bin\server\jvm.dll
0x00007fffd1120000 - 0x00007fffd11dc000 	C:\WINDOWS\System32\ADVAPI32.dll
0x00007fffd06b0000 - 0x00007fffd0759000 	C:\WINDOWS\System32\sechost.dll
0x00007fffd01a0000 - 0x00007fffd02b8000 	C:\WINDOWS\System32\RPCRT4.dll
0x00007fffd0110000 - 0x00007fffd0190000 	C:\WINDOWS\System32\WS2_32.dll
0x00007fffced40000 - 0x00007fffced9e000 	C:\WINDOWS\SYSTEM32\POWRPROF.dll
0x00007fffb3420000 - 0x00007fffb3456000 	C:\WINDOWS\SYSTEM32\WINMM.dll
0x00007fffc6f10000 - 0x00007fffc6f1b000 	C:\WINDOWS\SYSTEM32\VERSION.dll
0x00007fffced20000 - 0x00007fffced35000 	C:\WINDOWS\SYSTEM32\UMPDC.dll
0x00007fffcdb70000 - 0x00007fffcdb8b000 	C:\WINDOWS\SYSTEM32\kernel.appcore.dll
0x00007fffc6300000 - 0x00007fffc630a000 	C:\Users\hp\Downloads\IntelliJ IDEA 2026.2.2\jbr\bin\jimage.dll
0x00007fffcc520000 - 0x00007fffcc76c000 	C:\WINDOWS\SYSTEM32\DBGHELP.DLL
0x00007fffd0320000 - 0x00007fffd06a5000 	C:\WINDOWS\System32\combase.dll
0x00007fffcff00000 - 0x00007fffcffd9000 	C:\WINDOWS\System32\OLEAUT32.dll
0x00007fffb16f0000 - 0x00007fffb172b000 	C:\WINDOWS\SYSTEM32\dbgcore.DLL
0x00007fffcf230000 - 0x00007fffcf2dc000 	C:\WINDOWS\System32\bcryptPrimitives.dll
0x00007fffc62e0000 - 0x00007fffc62ff000 	C:\Users\hp\Downloads\IntelliJ IDEA 2026.2.2\jbr\bin\java.dll
0x00007fffd12b0000 - 0x00007fffd144a000 	C:\WINDOWS\System32\ole32.dll
0x00007fffd1500000 - 0x00007fffd1c98000 	C:\WINDOWS\System32\SHELL32.dll
0x00007fffcc920000 - 0x00007fffcd1ce000 	C:\WINDOWS\SYSTEM32\windows.storage.dll
0x00007fffd0fb0000 - 0x00007fffd10ab000 	C:\WINDOWS\System32\SHCORE.dll
0x00007fffd10b0000 - 0x00007fffd1116000 	C:\WINDOWS\System32\shlwapi.dll
0x00007fffcee00000 - 0x00007fffcee29000 	C:\WINDOWS\SYSTEM32\profapi.dll
0x00007fffbd0d0000 - 0x00007fffbd0e2000 	C:\Users\hp\Downloads\IntelliJ IDEA 2026.2.2\jbr\bin\net.dll
0x00007fffce110000 - 0x00007fffce17c000 	C:\WINDOWS\system32\mswsock.dll
0x00007fffb96e0000 - 0x00007fffb96f6000 	C:\Users\hp\Downloads\IntelliJ IDEA 2026.2.2\jbr\bin\nio.dll
0x00007fffbd480000 - 0x00007fffbd496000 	C:\Users\hp\Downloads\IntelliJ IDEA 2026.2.2\jbr\bin\zip.dll

JVMTI agents: none

dbghelp: loaded successfully - version: 4.0.5 - missing functions: none
symbol engine: initialized successfully - sym options: 0x614 - pdb path: .;C:\Users\hp\Downloads\IntelliJ IDEA 2026.2.2\jbr\bin;C:\WINDOWS\SYSTEM32;C:\WINDOWS\WinSxS\amd64_microsoft.windows.common-controls_6595b64144ccf1df_6.0.26100.9278_none_3e0d1ba8e3303201;C:\Users\hp\Downloads\IntelliJ IDEA 2026.2.2\jbr\bin\server

VM Arguments:
java_command: git4idea.http.GitAskPassApp Username for 'https://github.com': 
java_class_path (initial): C:/Users/hp/Downloads/IntelliJ IDEA 2026.2.2/plugins/vcs-git/lib/git4idea-rt.jar;C:/Users/hp/Downloads/IntelliJ IDEA 2026.2.2/lib/externalProcess-rt.jar
Launcher Type: SUN_STANDARD

[Global flags]
     intx CICompilerCount                          = 4                                         {product} {ergonomic}
     uint ConcGCThreads                            = 2                                         {product} {ergonomic}
     uint G1ConcRefinementThreads                  = 8                                         {product} {ergonomic}
   size_t G1HeapRegionSize                         = 1048576                                   {product} {ergonomic}
   size_t InitialHeapSize                          = 132120576                                 {product} {ergonomic}
   size_t MarkStackSize                            = 4194304                                   {product} {ergonomic}
   size_t MarkStackSizeMax                         = 536870912                                 {product} {ergonomic}
   size_t MaxHeapSize                              = 2107637760                                {product} {ergonomic}
   size_t MaxNewSize                               = 1264582656                                {product} {ergonomic}
   size_t MinHeapDeltaBytes                        = 1048576                                   {product} {ergonomic}
   size_t MinHeapSize                              = 8388608                                   {product} {ergonomic}
    uintx NonNMethodCodeHeapSize                   = 5898240                                {pd product} {ergonomic}
    uintx NonProfiledCodeHeapSize                  = 122945536                              {pd product} {ergonomic}
    uintx ProfiledCodeHeapSize                     = 122945536                              {pd product} {ergonomic}
    uintx ReservedCodeCacheSize                    = 251789312                              {pd product} {ergonomic}
     bool SegmentedCodeCache                       = true                                      {product} {ergonomic}
   size_t SoftMaxHeapSize                          = 2107637760                             {manageable} {ergonomic}
     bool UseCompressedOops                        = true                           {product lp64_product} {ergonomic}
     bool UseG1GC                                  = true                                      {product} {ergonomic}
     bool UseLargePagesIndividualAllocation        = false                                  {pd product} {ergonomic}

Logging:
Log output configuration:
 #0: stdout all=warning uptime,level,tags foldmultilines=false
 #1: stderr all=off uptime,level,tags foldmultilines=false

Release file:
JAVA_VERSION="25.0.4" 
MODULES="java.base java.compiler java.datatransfer java.xml java.prefs java.desktop java.instrument java.logging java.management java.security.sasl java.naming java.rmi java.management.rmi java.net.http java.scripting java.security.jgss java.transaction.xa java.sql java.sql.rowset java.xml.crypto java.se java.smartcardio jdk.accessibility jdk.internal.jvmstat jdk.attach jdk.charsets jdk.internal.opt jdk.zipfs jdk.compiler jdk.crypto.cryptoki jdk.crypto.ec jdk.crypto.mscapi jdk.dynalink jdk.hotspot.agent jdk.httpserver jdk.internal.ed jdk.internal.le jdk.internal.md jdk.internal.vm.ci jdk.javadoc jdk.jcmd jdk.jdwp.agent jdk.jdi jdk.jfr jdk.localedata jdk.management jdk.management.agent jdk.management.jfr jdk.naming.dns jdk.naming.rmi jdk.net jdk.sctp jdk.security.auth jdk.security.jgss jdk.unsupported jdk.unsupported.desktop jdk.xml.dom" 
IMPLEMENTOR="JetBrains s.r.o." 
IMPLEMENTOR_VERSION="JBR-25.0.4+1-508.27-nomod" 
JAVA_RUNTIME_VERSION="25.0.4+1-b508.27" 
LIBC="default" 
OS_ARCH="x86_64" 
OS_NAME="Windows" 
SOURCE=".:git:4af5e1194b7f+" 

Environment Variables:
PATH=C:/Program Files/Git/mingw64/libexec/git-core;C:/Program Files/Git/mingw64/libexec/git-core;C:\Program Files\Git\mingw64\bin;C:\Program Files\Git\usr\bin;C:\Users\hp\bin;C:\Python313\Scripts\;C:\Python313\;C:\Program Files\Common Files\Oracle\Java\javapath;C:\WINDOWS\system32;C:\WINDOWS;C:\WINDOWS\System32\Wbem;C:\WINDOWS\System32\WindowsPowerShell\v1.0\;C:\WINDOWS\System32\OpenSSH\;C:\Program Files\Java\jdk-21\bin;C:\ProgramData\chocolatey\bin;C:\Program Files\Microsoft SQL Server\150\Tools\Binn\;C:\Program Files\WireGuard\;C:\Program Files\Git\cmd;C:\Program Files\nodejs\;C:\Program Files\apache-maven-3.9.14\bin;C:\Program Files\MySQL\MySQL Shell 8.0\bin\;C:\Users\hp\AppData\Local\Microsoft\WindowsApps;C:\Users\hp\AppData\Local\Programs\Microsoft VS Code\bin;C:\Users\hp\AppData\Roaming\npm;C:\Users\hp\AppData\Local\Programs\DockerDesktop\resources\bin;C:\Users\hp\Downloads\IntelliJ IDEA 2026.2.2\bin
USERNAME=hp
DISPLAY=:0.0
LC_ALL=en_US.UTF-8
TERM=xterm-256color
TMPDIR=C:\Users\hp\AppData\Local\Temp
OS=Windows_NT
PROCESSOR_IDENTIFIER=Intel64 Family 6 Model 142 Stepping 12, GenuineIntel
TMP=C:\Users\hp\AppData\Local\Temp
TEMP=C:\Users\hp\AppData\Local\Temp




Compilation memory statistics disabled.

Periodic native trim disabled

JNI global refs:
JNI global refs: 8, weak refs: 0

JNI global refs memory usage: 835, weak refs: 201

Process memory usage:
Resident Set Size: 62352K (0% of 8232000K total physical memory with 252668K free physical memory)

OOME stack traces (most recent first):
Classloader memory used:
